// Jest Snapshot v1, https://goo.gl/fbAQLP

exports[`AppComponent debe hacer match con el snapshot 1`] = `
<div
  id="root3"
>
  <br />
  <header>
    <h1
      class="container"
      id="page-title"
    >
      Jest Testing
    </h1>
    <nav>
      <ul
        class="d-flex justify-content-center list-inline gap-2"
      >
        <li>
          <button
            routerlink="basic/counter"
            routerlinkactive="active-link"
            tabindex="0"
          >
            Counter
          </button>
        </li>
        <li>
          <button
            routerlink="basic/charizard"
            routerlinkactive="active-link"
            tabindex="0"
          >
            Charizard
          </button>
        </li>
        <li>
          <button
            routerlink="basic/father"
            routerlinkactive="active-link"
            tabindex="0"
          >
            Father
          </button>
        </li>
      </ul>
    </nav>
  </header>
  <div
    class="container"
  >
    <router-outlet />
    
  </div>
</div>
`;
